Microchip MPLAB XC8 Compiler V2.40

Linker command line:

-W-3 \
  --edf=D:\ProgramData\Microchip\xc8\v2.40\pic\dat\20220703182018_en.msgs \
  -cn -h+dist/default/production\ProjetoFinal.X.production.sym \
  --cmf=dist/default/production\ProjetoFinal.X.production.cmf -z -Q16F1827 \
  -oC:\Users\160047~1\AppData\Local\Temp\xcAs9es.4 --defsym=__MPLAB_BUILD=1 \
  --fixupoverflow=error \
  -Mdist/default/production/ProjetoFinal.X.production.map \
  --md=C:\Users\160047~1\AppData\Local\Temp\xcAs9es.dat -E1 \
  -ver=XC8 Compiler --acfsm=1493 -ACODE=00h-07FFhx2 -ASTRCODE=00h-0FFFh \
  -ASTRING=00h-0FFhx16 -ACONST=00h-0FFhx16 -AENTRY=00h-0FFhx16 \
  -ACOMMON=070h-07Fh -ABANK0=020h-06Fh -ABANK1=0A0h-0EFh \
  -ABANK2=0120h-016Fh -ABANK3=01A0h-01EFh -ABANK4=0220h-024Fh \
  -ABIGRAM=02000h-0216Fh \
  -ARAM=020h-06Fh,0A0h-0EFh,0120h-016Fh,01A0h-01EFh,0220h-024Fh \
  -AABS1=020h-07Fh,0A0h-0EFh,0120h-016Fh,01A0h-01EFh,0220h-024Fh \
  -ASFR0=00h-01Fh -ASFR1=080h-09Fh -ASFR2=0100h-011Fh -ASFR3=0180h-019Fh \
  -ASFR4=0200h-021Fh -ASFR5=0280h-02EFh -ASFR6=0300h-036Fh \
  -ASFR7=0380h-03EFh -ASFR8=0400h-046Fh -ASFR9=0480h-04EFh \
  -ASFR10=0500h-056Fh -ASFR11=0580h-05EFh -ASFR12=0600h-066Fh \
  -ASFR13=0680h-06EFh -ASFR14=0700h-076Fh -ASFR15=0780h-07EFh \
  -ASFR16=0800h-086Fh -ASFR17=0880h-08EFh -ASFR18=0900h-096Fh \
  -ASFR19=0980h-09EFh -ASFR20=0A00h-0A6Fh -ASFR21=0A80h-0AEFh \
  -ASFR22=0B00h-0B6Fh -ASFR23=0B80h-0BEFh -ASFR24=0C00h-0C6Fh \
  -ASFR25=0C80h-0CEFh -ASFR26=0D00h-0D6Fh -ASFR27=0D80h-0DEFh \
  -ASFR28=0E00h-0E6Fh -ASFR29=0E80h-0EEFh -ASFR30=0F00h-0F6Fh \
  -ASFR31=0F80h-0FEFh -ACONFIG=08007h-08008h -DCONFIG=2 \
  -AIDLOC=08000h-08003h -DIDLOC=2 -AEEDATA=00h-0FFh/0F000h \
  -peeprom_data=EEDATA -DEEDATA=2 -DCODE=2 -DSTRCODE=2 -DSTRING=2 -DCONST=2 \
  -DENTRY=2 -preset_vec=00h,intentry=04h,init,end_init -ppowerup=CODE \
  -pcinit=CODE -pfunctab=ENTRY -k \
  C:\Users\160047~1\AppData\Local\Temp\xcAs9es.o \
  dist/default/production\ProjetoFinal.X.production.o 

Object code version is 3.11

Machine type is 16F1827



                Name                               Link     Load   Length Selector   Space Scale
C:\Users\160047~1\AppData\Local\Temp\xcAs9es.o
                end_init                             6A       6A        2        8       0
                reset_vec                             0        0        2        0       0
                config                             8007     8007        2        0       4
                idloc                              8000     8000        4        0       5
dist/default/production\ProjetoFinal.X.production.o
                cinit                                6C       6C       20        8       0
                intentry                              4        4       66        8       0
                eeprom_data                           0     F000       38    1E000       3
                config                             8007     8007        2        0       4
                idloc                              8000     8000        4        0       5
                text91                              F54      F54        4     1EA8       0
                text90                              387      387       33        8       0
                text89                              F3E      F3E        1     1E7C       0
                text88                              6E3      6E3       12        8       0
                text87                              F42      F42        3     1E84       0
                text86                              F60      F60        5     1EC0       0
                text85                              621      621       1A        8       0
                text84                              607      607       1A        8       0
                text83                              7D6      7D6        C        8       0
                text82                              499      499       27        8       0
                text81                              4E5      4E5       24        8       0
                text80                              F45      F45        3     1E8A       0
                text79                              653      653       17        8       0
                text78                              2D6      2D6       41        8       0
                text77                              419      419       2F        8       0
                text76                              5B5      5B5       1C        8       0
                text75                              770      770        E        8       0
                text74                              599      599       1C        8       0
                text73                              762      762        E        8       0
                text72                              5EC      5EC       1B        8       0
                text71                              F3F      F3F        1     1E7E       0
                text70                              753      753        F        8       0
                text69                              57D      57D       1C        8       0
                text68                              F40      F40        1     1E80       0
                text67                              744      744        F        8       0
                text66                              6F5      6F5       11        8       0
                text65                              5D1      5D1       1B        8       0
                text64                              7ED      7ED        A        8       0
                text63                              735      735        F        8       0
                text62                              1F6      1F6       5A        8       0
                text61                              317      317       3C        8       0
                text60                              509      509       1F        8       0
                text59                               8C       8C       F4        8       0
                text58                              F41      F41        1     1E82       0
                text57                              7A5      7A5        D        8       0
                text56                              63B      63B       18        8       0
                text55                              F48      F48        3     1E90       0
                text54                              F65      F65        5     1ECA       0
                text53                              716      716       10        8       0
                text52                                2        2        1        0       0
                text51                              798      798        D        8       0
                text50                              680      680       16        8       0
                text49                              F4B      F4B        3     1E96       0
                text48                              F6A      F6A        5     1ED4       0
                text47                              706      706       10        8       0
                text46                                3        3        1        6       0
                text45                              78B      78B        D        8       0
                text44                              66A      66A       16        8       0
                text42                              F9D      F9D        9     1F3A       0
                text41                              FA6      FA6        9     1F4C       0
                text40                              726      726        F        8       0
                text39                              F6F      F6F        5     1EDE       0
                text38                              F8D      F8D        8     1F1A       0
                text37                              FAF      FAF        9     1F5E       0
                text36                              6D1      6D1       12        8       0
                text35                              7CA      7CA        C        8       0
                text34                              7BE      7BE        C        8       0
                text33                              F74      F74        6     1EE8       0
                text32                              FB8      FB8        9     1F70       0
                text31                              FC1      FC1        9     1F82       0
                text30                              FCA      FCA        9     1F94       0
                text29                              4C0      4C0       25        8       0
                text28                              F58      F58        4     1EB0       0
                text27                              F86      F86        7     1F0C       0
                text26                              FD3      FD3        9     1FA6       0
                text25                              FDC      FDC        9     1FB8       0
                text24                              3BA      3BA       30        8       0
                text23                              FE5      FE5        9     1FCA       0
                text22                              7E2      7E2        B        8       0
                text21                              FEE      FEE        9     1FDC       0
                text20                              696      696       15        8       0
                text19                              7B2      7B2        C        8       0
                text18                              F95      F95        8     1F2A       0
                text17                              FF7      FF7        9     1FEE       0
                text16                              6BE      6BE       13        8       0
                text15                              7F7      7F7        9        8       0
                text14                              6AB      6AB       13        8       0
                text13                              F5C      F5C        4     1EB8       0
                text12                              353      353       34        8       0
                text11                              F7A      F7A        6     1EF4       0
                text10                              528      528       1D        8       0
                text9                               294      294       42        8       0
                text8                               561      561       1C        8       0
                text7                               77E      77E        D        8       0
                text6                               448      448       29        8       0
                text5                               471      471       28        8       0
                text4                               F4E      F4E        3     1E9C       0
                text3                               545      545       1C        8       0
                text2                               250      250       44        8       0
                text1                               3EA      3EA       2F        8       0
                maintext                            180      180       76        8       0
                cstackBANK0                          52       52       12       20       1
                cstackCOMMON                         70       70        E       70       1
                cstackBANK1                          B0       B0        8       A0       1
                clrtext                             F80      F80        6     1F00       0
                bssBANK1                             A0       A0       10       A0       1
                dataBANK0                            64       64        3       20       1
                bssBANK0                             39       39       19       20       1
                nvBANK0                              20       20       19       20       1
                stringtext1                         800      800        4     1000       0
                idataBANK0                          F51      F51        3     1EA2       0

TOTAL           Name                               Link     Load   Length     Space
        CLASS   CODE           
                end_init                             6A       6A        2         0
                cinit                                6C       6C       20         0
                intentry                              4        4       66         0
                reset_vec                             0        0        2         0
                text91                              F54      F54        4         0
                text90                              387      387       33         0
                text89                              F3E      F3E        1         0
                text88                              6E3      6E3       12         0
                text87                              F42      F42        3         0
                text86                              F60      F60        5         0
                text85                              621      621       1A         0
                text84                              607      607       1A         0
                text83                              7D6      7D6        C         0
                text82                              499      499       27         0
                text81                              4E5      4E5       24         0
                text80                              F45      F45        3         0
                text79                              653      653       17         0
                text78                              2D6      2D6       41         0
                text77                              419      419       2F         0
                text76                              5B5      5B5       1C         0
                text75                              770      770        E         0
                text74                              599      599       1C         0
                text73                              762      762        E         0
                text72                              5EC      5EC       1B         0
                text71                              F3F      F3F        1         0
                text70                              753      753        F         0
                text69                              57D      57D       1C         0
                text68                              F40      F40        1         0
                text67                              744      744        F         0
                text66                              6F5      6F5       11         0
                text65                              5D1      5D1       1B         0
                text64                              7ED      7ED        A         0
                text63                              735      735        F         0
                text62                              1F6      1F6       5A         0
                text61                              317      317       3C         0
                text60                              509      509       1F         0
                text59                               8C       8C       F4         0
                text58                              F41      F41        1         0
                text57                              7A5      7A5        D         0
                text56                              63B      63B       18         0
                text55                              F48      F48        3         0
                text54                              F65      F65        5         0
                text53                              716      716       10         0
                text52                                2        2        1         0
                text51                              798      798        D         0
                text50                              680      680       16         0
                text49                              F4B      F4B        3         0
                text48                              F6A      F6A        5         0
                text47                              706      706       10         0
                text46                                3        3        1         0
                text45                              78B      78B        D         0
                text44                              66A      66A       16         0
                text42                              F9D      F9D        9         0
                text41                              FA6      FA6        9         0
                text40                              726      726        F         0
                text39                              F6F      F6F        5         0
                text38                              F8D      F8D        8         0
                text37                              FAF      FAF        9         0
                text36                              6D1      6D1       12         0
                text35                              7CA      7CA        C         0
                text34                              7BE      7BE        C         0
                text33                              F74      F74        6         0
                text32                              FB8      FB8        9         0
                text31                              FC1      FC1        9         0
                text30                              FCA      FCA        9         0
                text29                              4C0      4C0       25         0
                text28                              F58      F58        4         0
                text27                              F86      F86        7         0
                text26                              FD3      FD3        9         0
                text25                              FDC      FDC        9         0
                text24                              3BA      3BA       30         0
                text23                              FE5      FE5        9         0
                text22                              7E2      7E2        B         0
                text21                              FEE      FEE        9         0
                text20                              696      696       15         0
                text19                              7B2      7B2        C         0
                text18                              F95      F95        8         0
                text17                              FF7      FF7        9         0
                text16                              6BE      6BE       13         0
                text15                              7F7      7F7        9         0
                text14                              6AB      6AB       13         0
                text13                              F5C      F5C        4         0
                text12                              353      353       34         0
                text11                              F7A      F7A        6         0
                text10                              528      528       1D         0
                text9                               294      294       42         0
                text8                               561      561       1C         0
                text7                               77E      77E        D         0
                text6                               448      448       29         0
                text5                               471      471       28         0
                text4                               F4E      F4E        3         0
                text3                               545      545       1C         0
                text2                               250      250       44         0
                text1                               3EA      3EA       2F         0
                maintext                            180      180       76         0
                clrtext                             F80      F80        6         0
                idataBANK0                          F51      F51        3         0

        CLASS   STRCODE        
                stringtext1                         800      800        4         0

        CLASS   STRING         

        CLASS   CONST          

        CLASS   ENTRY          

        CLASS   COMMON         
                cstackCOMMON                         70       70        E         1

        CLASS   BANK0          
                cstackBANK0                          52       52       12         1
                dataBANK0                            64       64        3         1
                bssBANK0                             39       39       19         1
                nvBANK0                              20       20       19         1

        CLASS   BANK1          
                cstackBANK1                          B0       B0        8         1
                bssBANK1                             A0       A0       10         1

        CLASS   BANK2          

        CLASS   BANK3          

        CLASS   BANK4          

        CLASS   BIGRAM         

        CLASS   RAM            

        CLASS   ABS1           
                abs_s1                               7E       7E        2         1

        CLASS   SFR0           

        CLASS   SFR1           

        CLASS   SFR2           

        CLASS   SFR3           

        CLASS   SFR4           

        CLASS   SFR5           

        CLASS   SFR6           

        CLASS   SFR7           

        CLASS   SFR8           

        CLASS   SFR9           

        CLASS   SFR10          

        CLASS   SFR11          

        CLASS   SFR12          

        CLASS   SFR13          

        CLASS   SFR14          

        CLASS   SFR15          

        CLASS   SFR16          

        CLASS   SFR17          

        CLASS   SFR18          

        CLASS   SFR19          

        CLASS   SFR20          

        CLASS   SFR21          

        CLASS   SFR22          

        CLASS   SFR23          

        CLASS   SFR24          

        CLASS   SFR25          

        CLASS   SFR26          

        CLASS   SFR27          

        CLASS   SFR28          

        CLASS   SFR29          

        CLASS   SFR30          

        CLASS   SFR31          

        CLASS   CONFIG         
                config                             8007     8007        2         4

        CLASS   IDLOC          
                idloc                              8000     8000        4         5

        CLASS   EEDATA         
                eeprom_data                           0     F000       38         3

        CLASS   BANK31         

        CLASS   BANK30         

        CLASS   BANK29         

        CLASS   BANK28         

        CLASS   BANK27         

        CLASS   BANK26         

        CLASS   BANK25         

        CLASS   BANK24         

        CLASS   BANK23         

        CLASS   BANK22         

        CLASS   BANK21         

        CLASS   BANK20         

        CLASS   BANK19         

        CLASS   BANK18         

        CLASS   BANK17         

        CLASS   BANK16         

        CLASS   BANK15         

        CLASS   BANK14         

        CLASS   BANK13         

        CLASS   BANK12         

        CLASS   BANK11         

        CLASS   BANK10         

        CLASS   BANK9          

        CLASS   BANK8          

        CLASS   BANK7          

        CLASS   BANK6          

        CLASS   BANK5          

        CLASS   HEAP           

        CLASS   STACK          



SEGMENTS        Name                           Load    Length   Top    Selector   Space  Class     Delta

                reset_vec                      000000  000003  000003         0       0  CODE        2
                text46                         000003  000001  000004         6       0  CODE        2
                intentry                       000004  0007FC  000800         8       0  CODE        2
                nvBANK0                        000020  000047  000067        20       1  BANK0       1
                cstackCOMMON                   000070  00000E  00007E        70       1  COMMON      1
                bssBANK1                       0000A0  000018  0000B8        A0       1  BANK1       1
                stringtext1                    000800  000004  000804      1000       0  STRCODE     2
                text89                         000F3E  000001  000F3F      1E7C       0  CODE        2
                text71                         000F3F  000001  000F40      1E7E       0  CODE        2
                text68                         000F40  000001  000F41      1E80       0  CODE        2
                text58                         000F41  000001  000F42      1E82       0  CODE        2
                text87                         000F42  000003  000F45      1E84       0  CODE        2
                text80                         000F45  000003  000F48      1E8A       0  CODE        2
                text55                         000F48  000003  000F4B      1E90       0  CODE        2
                text49                         000F4B  000003  000F4E      1E96       0  CODE        2
                text4                          000F4E  000003  000F51      1E9C       0  CODE        2
                idataBANK0                     000F51  000003  000F54      1EA2       0  CODE        2
                text91                         000F54  000004  000F58      1EA8       0  CODE        2
                text28                         000F58  000004  000F5C      1EB0       0  CODE        2
                text13                         000F5C  000004  000F60      1EB8       0  CODE        2
                text86                         000F60  000005  000F65      1EC0       0  CODE        2
                text54                         000F65  000005  000F6A      1ECA       0  CODE        2
                text48                         000F6A  000005  000F6F      1ED4       0  CODE        2
                text39                         000F6F  000005  000F74      1EDE       0  CODE        2
                text33                         000F74  000006  000F7A      1EE8       0  CODE        2
                text11                         000F7A  000006  000F80      1EF4       0  CODE        2
                clrtext                        000F80  000006  000F86      1F00       0  CODE        2
                text27                         000F86  000007  000F8D      1F0C       0  CODE        2
                text38                         000F8D  000008  000F95      1F1A       0  CODE        2
                text18                         000F95  000008  000F9D      1F2A       0  CODE        2
                text42                         000F9D  000009  000FA6      1F3A       0  CODE        2
                text41                         000FA6  000009  000FAF      1F4C       0  CODE        2
                text37                         000FAF  000009  000FB8      1F5E       0  CODE        2
                text32                         000FB8  000009  000FC1      1F70       0  CODE        2
                text31                         000FC1  000009  000FCA      1F82       0  CODE        2
                text30                         000FCA  000009  000FD3      1F94       0  CODE        2
                text26                         000FD3  000009  000FDC      1FA6       0  CODE        2
                text25                         000FDC  000009  000FE5      1FB8       0  CODE        2
                text23                         000FE5  000009  000FEE      1FCA       0  CODE        2
                text21                         000FEE  000009  000FF7      1FDC       0  CODE        2
                text17                         000FF7  000009  001000      1FEE       0  CODE        2
                eeprom_data                    00F000  000038  00F038     1E000       3  EEDATA      2


UNUSED ADDRESS RANGES

        Name                Unused          Largest block    Delta
        BANK0            00067-0006F               9           1
        BANK1            000B8-000EF              38           1
        BANK2            00120-0016F              50           1
        BANK3            001A0-001EF              50           1
        BANK4            00220-0024F              30           1
        BIGRAM           02000-0216F             170           1
        CODE             00804-00F3D             73A           2
        CONST            00804-00F3D             100           2
        EEDATA           0F038-0F0FF              C8           2
        ENTRY            00804-00F3D             100           2
        RAM              00067-0006F               9           1
                         000B8-000EF              38
                         00120-0016F              50
                         001A0-001EF              50
                         00220-0024F              30
        SFR0             00000-0001F              20           1
        SFR1             00080-0009F              20           1
        SFR10            00500-0056F              70           1
        SFR11            00580-005EF              70           1
        SFR12            00600-0066F              70           1
        SFR13            00680-006EF              70           1
        SFR14            00700-0076F              70           1
        SFR15            00780-007EF              70           1
        SFR16            00800-0086F              70           1
        SFR17            00880-008EF              70           1
        SFR18            00900-0096F              70           1
        SFR19            00980-009EF              70           1
        SFR2             00100-0011F              20           1
        SFR20            00A00-00A6F              70           1
        SFR21            00A80-00AEF              70           1
        SFR22            00B00-00B6F              70           1
        SFR23            00B80-00BEF              70           1
        SFR24            00C00-00C6F              70           1
        SFR25            00C80-00CEF              70           1
        SFR26            00D00-00D6F              70           1
        SFR27            00D80-00DEF              70           1
        SFR28            00E00-00E6F              70           1
        SFR29            00E80-00EEF              70           1
        SFR3             00180-0019F              20           1
        SFR30            00F00-00F6F              70           1
        SFR31            00F80-00FEF              70           1
        SFR4             00200-0021F              20           1
        SFR5             00280-002EF              70           1
        SFR6             00300-0036F              70           1
        SFR7             00380-003EF              70           1
        SFR8             00400-0046F              70           1
        SFR9             00480-004EF              70           1
        STRCODE          00804-00F3D             73A           2
        STRING           00804-00F3D             100           2

                                  Symbol Table

?_ADC_GetConversion                            cstackCOMMON 00070
?___lldiv                                      cstackCOMMON 00070
?___lwdiv                                      cstackCOMMON 00070
?___wmul                                       cstackCOMMON 00070
ADC_GetConversion@channel                      cstackCOMMON 00073
CCP4_CaptureISR@module                         cstackCOMMON 00073
CCP4_Interrupt@capturedValue                   cstackCOMMON 00070
CCP4_SetCallBack@customCallBack                cstackBANK1  000B0
CMP1_SetInterruptHandler@InterruptHandler      cstackBANK1  000B0
CMP2_SetInterruptHandler@InterruptHandler      cstackBANK1  000B0
DATAEE_ReadByte@bAdd                           cstackBANK1  000B0
EUSART_SetErrorHandler@interruptHandler        cstackBANK1  000B0
EUSART_SetFramingErrorHandler@interruptHandler cstackBANK1  000B0
EUSART_SetOverrunErrorHandler@interruptHandler cstackBANK1  000B0
EUSART_Write@txData                            cstackCOMMON 00070
IOCBF0_SetInterruptHandler@InterruptHandler    cstackBANK1  000B0
IOCBF3_SetInterruptHandler@InterruptHandler    cstackBANK1  000B0
PWM3_LoadDutyValue@dutyValue                   cstackBANK1  000B0
SPI1_WriteByte@byte                            cstackBANK1  000B0
TMR0_ISR@CountCallBack                         bssBANK0     0004B
TMR0_Interrupt@i                               cstackBANK0  0005A
TMR0_Interrupt@i_1694                          cstackBANK0  0005C
TMR0_Interrupt@p                               cstackBANK0  00062
TMR0_Interrupt@t                               cstackBANK0  0005E
TMR0_Interrupt@v                               cstackBANK0  00056
TMR0_SetInterruptHandler@InterruptHandler      cstackBANK1  000B0
TMR4_ISR@CountCallBack                         bssBANK0     00045
TMR4_SetInterruptHandler@InterruptHandler      cstackBANK1  000B0
TMR4_WriteTimer@timerVal                       cstackCOMMON 00070
TMR6_ISR@CountCallBack                         bssBANK0     00047
TMR6_SetInterruptHandler@InterruptHandler      cstackBANK1  000B0
TMR6_WriteTimer@timerVal                       cstackCOMMON 00070
_ADCON0                                        (abs)        0009D
_ADCON0bits                                    (abs)        0009D
_ADCON1                                        (abs)        0009E
_ADC_GetConversion                             text65       005D1
_ADC_Initialize                                text38       00F8D
_ADRESH                                        (abs)        0009C
_ADRESL                                        (abs)        0009B
_ANSELA                                        (abs)        0018C
_ANSELB                                        (abs)        0018D
_APFCON0                                       (abs)        0011D
_APFCON1                                       (abs)        0011E
_BAUDCON                                       (abs)        0019F
_BORCON                                        (abs)        00116
_CCP3CON                                       (abs)        00313
_CCP4CON                                       (abs)        0031A
_CCP4_CallBack                                 nvBANK0      0002C
_CCP4_CaptureISR                               text88       006E3
_CCP4_DefaultCallBack                          text89       00F3E
_CCP4_Initialize                               text36       006D1
_CCP4_Interrupt                                text90       00387
_CCP4_SetCallBack                              text37       00FAF
_CCPR3H                                        (abs)        00312
_CCPR3L                                        (abs)        00311
_CCPR4H                                        (abs)        00319
_CCPR4L                                        (abs)        00318
_CCPTMRS0bits                                  (abs)        0029E
_CM1CON0                                       (abs)        00111
_CM1CON1                                       (abs)        00112
_CM2CON0                                       (abs)        00113
_CM2CON1                                       (abs)        00114
_CMOUTbits                                     (abs)        00115
_CMP1_ISR                                      text75       00770
_CMP1_Initialize                               text35       007CA
_CMP1_InterruptHandler                         nvBANK0      00020
_CMP1_SetInterruptHandler                      text42       00F9D
_CMP2_ISR                                      text73       00762
_CMP2_Initialize                               text34       007BE
_CMP2_InterruptHandler                         nvBANK0      00026
_CMP2_SetInterruptHandler                      text41       00FA6
_DACCON0                                       (abs)        00118
_DACCON1                                       (abs)        00119
_DAC_Initialize                                text33       00F74
_DATAEE_ReadByte                               text7        0077E
_EEADRH                                        (abs)        00192
_EEADRL                                        (abs)        00191
_EECON1bits                                    (abs)        00195
_EECON2                                        (abs)        00196
_EEDATH                                        (abs)        00194
_EEDATL                                        (abs)        00193
_EUSART_DefaultErrorHandler                    (abs)        00000
_EUSART_DefaultFramingErrorHandler             (abs)        00000
_EUSART_DefaultOverrunErrorHandler             (abs)        00000
_EUSART_ErrorHandler                           nvBANK0      00032
_EUSART_FramingErrorHandler                    nvBANK0      00036
_EUSART_Initialize                             text29       004C0
_EUSART_OverrunErrorHandler                    nvBANK0      00034
_EUSART_Read                                   text40       00726
_EUSART_SetErrorHandler                        text32       00FB8
_EUSART_SetFramingErrorHandler                 text31       00FC1
_EUSART_SetOverrunErrorHandler                 text30       00FCA
_EUSART_Write                                  text64       007ED
_EUSART_is_rx_ready                            text39       00F6F
_EUSART_is_tx_ready                            text63       00735
_EUSART_is_tx_ready$323                        cstackCOMMON 00070
_FVRCON                                        (abs)        00117
_FVRCONbits                                    (abs)        00117
_FVR_Initialize                                text28       00F58
_INTCONbits                                    (abs)        0000B
_INTERRUPT_InterruptManager                    intentry     00004
_IOCBF0_DefaultInterruptHandler                text71       00F3F
_IOCBF0_ISR                                    text70       00753
_IOCBF0_InterruptHandler                       nvBANK0      00030
_IOCBF0_SetInterruptHandler                    text26       00FD3
_IOCBF3_DefaultInterruptHandler                text68       00F40
_IOCBF3_ISR                                    text67       00744
_IOCBF3_InterruptHandler                       nvBANK0      0002E
_IOCBF3_SetInterruptHandler                    text25       00FDC
_IOCBFbits                                     (abs)        00396
_IOCBNbits                                     (abs)        00395
_IOCBPbits                                     (abs)        00394
_LATA                                          (abs)        0010C
_LATAbits                                      (abs)        0010C
_LATB                                          (abs)        0010D
_LATBbits                                      (abs)        0010D
_OPTION_REG                                    (abs)        00095
_OPTION_REGbits                                (abs)        00095
_OSCCON                                        (abs)        00099
_OSCILLATOR_Initialize                         text27       00F86
_OSCTUNE                                       (abs)        00098
_PIE2bits                                      (abs)        00092
_PIE3bits                                      (abs)        00093
_PIN_MANAGER_IOC                               text66       006F5
_PIN_MANAGER_Initialize                        text24       003BA
_PIR1bits                                      (abs)        00011
_PIR2bits                                      (abs)        00012
_PIR3bits                                      (abs)        00013
_PORTAbits                                     (abs)        0000C
_PR2                                           (abs)        0001B
_PR4                                           (abs)        00416
_PR6                                           (abs)        0041D
_PWM3_Initialize                               text23       00FE5
_PWM3_LoadDutyValue                            text3        00545
_RCREG                                         (abs)        00199
_RCSTA                                         (abs)        0019D
_RCSTAbits                                     (abs)        0019D
_S1_Interrupt                                  text72       005EC
_S2_Interrupt                                  text69       0057D
_S3_Interrupt                                  text76       005B5
_S4_Interrupt                                  text74       00599
_SPBRGH                                        (abs)        0019C
_SPBRGL                                        (abs)        0019B
_SPI1_Initialize                               text22       007E2
_SPI1_WriteByte                                text11       00F7A
_SSP1ADD                                       (abs)        00212
_SSP1BUF                                       (abs)        00211
_SSP1CON1                                      (abs)        00215
_SSP1CON1bits                                  (abs)        00215
_SSP1CON2                                      (abs)        00216
_SSP1STAT                                      (abs)        00214
_SYSTEM_Initialize                             text12       00353
_T1CON                                         (abs)        00018
_T1CONbits                                     (abs)        00018
_T1GCON                                        (abs)        00019
_T1GCONbits                                    (abs)        00019
_T2CON                                         (abs)        0001C
_T2CONbits                                     (abs)        0001C
_T4CON                                         (abs)        00417
_T4CONbits                                     (abs)        00417
_T6CON                                         (abs)        0041E
_T6CONbits                                     (abs)        0041E
_TMR0                                          (abs)        00015
_TMR0_CallBack                                 text57       007A5
_TMR0_DefaultInterruptHandler                  text58       00F41
_TMR0_ISR                                      text56       0063B
_TMR0_Initialize                               text20       00696
_TMR0_Interrupt                                text59       0008C
_TMR0_InterruptHandler                         nvBANK0      00028
_TMR0_SetInterruptHandler                      text21       00FEE
_TMR1H                                         (abs)        00017
_TMR1L                                         (abs)        00016
_TMR1_HasOverflowOccured                       text91       00F54
_TMR1_Initialize                               text19       007B2
_TMR2                                          (abs)        0001A
_TMR2_Initialize                               text18       00F95
_TMR4                                          (abs)        00415
_TMR4_CallBack                                 text51       00798
_TMR4_DefaultInterruptHandler                  text52       00002
_TMR4_ISR                                      text50       00680
_TMR4_Initialize                               text16       006BE
_TMR4_Interrupt                                text53       00716
_TMR4_InterruptHandler                         nvBANK0      00022
_TMR4_SetInterruptHandler                      text17       00FF7
_TMR4_StartTimer                               text4        00F4E
_TMR4_StopTimer                                text55       00F48
_TMR4_WriteTimer                               text54       00F65
_TMR6                                          (abs)        0041C
_TMR6_CallBack                                 text45       0078B
_TMR6_DefaultInterruptHandler                  text46       00003
_TMR6_ISR                                      text44       0066A
_TMR6_Initialize                               text14       006AB
_TMR6_Interrupt                                text47       00706
_TMR6_InterruptHandler                         nvBANK0      00024
_TMR6_SetInterruptHandler                      text15       007F7
_TMR6_StartTimer                               text87       00F42
_TMR6_StopTimer                                text49       00F4B
_TMR6_WriteTimer                               text48       00F6A
_TRISA                                         (abs)        0008C
_TRISB                                         (abs)        0008D
_TRISBbits                                     (abs)        0008D
_TXREG                                         (abs)        0019A
_TXSTA                                         (abs)        0019E
_TXSTAbits                                     (abs)        0019E
_WDTCON                                        (abs)        00097
_WDT_Initialize                                text13       00F5C
_WPUA                                          (abs)        0020C
_WPUB                                          (abs)        0020D
__Beeprom_data                                 eeprom_data  0F000
__Habs1                                        abs1         00000
__Hbank0                                       bank0        00000
__Hbank1                                       bank1        00000
__Hbank10                                      bank10       00000
__Hbank11                                      bank11       00000
__Hbank12                                      bank12       00000
__Hbank13                                      bank13       00000
__Hbank14                                      bank14       00000
__Hbank15                                      bank15       00000
__Hbank16                                      bank16       00000
__Hbank17                                      bank17       00000
__Hbank18                                      bank18       00000
__Hbank19                                      bank19       00000
__Hbank2                                       bank2        00000
__Hbank20                                      bank20       00000
__Hbank21                                      bank21       00000
__Hbank22                                      bank22       00000
__Hbank23                                      bank23       00000
__Hbank24                                      bank24       00000
__Hbank25                                      bank25       00000
__Hbank26                                      bank26       00000
__Hbank27                                      bank27       00000
__Hbank28                                      bank28       00000
__Hbank29                                      bank29       00000
__Hbank3                                       bank3        00000
__Hbank30                                      bank30       00000
__Hbank31                                      bank31       00000
__Hbank4                                       bank4        00000
__Hbank5                                       bank5        00000
__Hbank6                                       bank6        00000
__Hbank7                                       bank7        00000
__Hbank8                                       bank8        00000
__Hbank9                                       bank9        00000
__Hbigram                                      bigram       00000
__HbssBANK0                                    bssBANK0     00000
__HbssBANK1                                    bssBANK1     00000
__Hcinit                                       cinit        0008C
__Hclrtext                                     clrtext      00000
__Hcode                                        code         00000
__Hcommon                                      common       00000
__Hconfig                                      config       08009
__HcstackBANK0                                 cstackBANK0  00000
__HcstackBANK1                                 cstackBANK1  00000
__HcstackCOMMON                                cstackCOMMON 00000
__HdataBANK0                                   dataBANK0    00000
__Heeprom_data                                 eeprom_data  00038
__Hend_init                                    end_init     0006C
__Hfunctab                                     functab      00000
__Hheap                                        heap         00000
__HidataBANK0                                  idataBANK0   00000
__Hidloc                                       idloc        08004
__Hinit                                        init         0006A
__Hintentry                                    intentry     0006A
__Hmaintext                                    maintext     00000
__HnvBANK0                                     nvBANK0      00000
__Hpowerup                                     powerup      00000
__Hram                                         ram          00000
__Hreset_vec                                   reset_vec    00002
__Hsfr0                                        sfr0         00000
__Hsfr1                                        sfr1         00000
__Hsfr10                                       sfr10        00000
__Hsfr11                                       sfr11        00000
__Hsfr12                                       sfr12        00000
__Hsfr13                                       sfr13        00000
__Hsfr14                                       sfr14        00000
__Hsfr15                                       sfr15        00000
__Hsfr16                                       sfr16        00000
__Hsfr17                                       sfr17        00000
__Hsfr18                                       sfr18        00000
__Hsfr19                                       sfr19        00000
__Hsfr2                                        sfr2         00000
__Hsfr20                                       sfr20        00000
__Hsfr21                                       sfr21        00000
__Hsfr22                                       sfr22        00000
__Hsfr23                                       sfr23        00000
__Hsfr24                                       sfr24        00000
__Hsfr25                                       sfr25        00000
__Hsfr26                                       sfr26        00000
__Hsfr27                                       sfr27        00000
__Hsfr28                                       sfr28        00000
__Hsfr29                                       sfr29        00000
__Hsfr3                                        sfr3         00000
__Hsfr30                                       sfr30        00000
__Hsfr31                                       sfr31        00000
__Hsfr4                                        sfr4         00000
__Hsfr5                                        sfr5         00000
__Hsfr6                                        sfr6         00000
__Hsfr7                                        sfr7         00000
__Hsfr8                                        sfr8         00000
__Hsfr9                                        sfr9         00000
__Hspace_0                                     (abs)        01000
__Hspace_1                                     (abs)        000B8
__Hspace_2                                     (abs)        00000
__Hspace_3                                     (abs)        00038
__Hspace_4                                     (abs)        10010
__Hstack                                       stack        00000
__Hstrings                                     strings      00000
__Hstringtext1                                 stringtext1  00000
__Htext                                        text         00000
__Labs1                                        abs1         00000
__Lbank0                                       bank0        00000
__Lbank1                                       bank1        00000
__Lbank10                                      bank10       00000
__Lbank11                                      bank11       00000
__Lbank12                                      bank12       00000
__Lbank13                                      bank13       00000
__Lbank14                                      bank14       00000
__Lbank15                                      bank15       00000
__Lbank16                                      bank16       00000
__Lbank17                                      bank17       00000
__Lbank18                                      bank18       00000
__Lbank19                                      bank19       00000
__Lbank2                                       bank2        00000
__Lbank20                                      bank20       00000
__Lbank21                                      bank21       00000
__Lbank22                                      bank22       00000
__Lbank23                                      bank23       00000
__Lbank24                                      bank24       00000
__Lbank25                                      bank25       00000
__Lbank26                                      bank26       00000
__Lbank27                                      bank27       00000
__Lbank28                                      bank28       00000
__Lbank29                                      bank29       00000
__Lbank3                                       bank3        00000
__Lbank30                                      bank30       00000
__Lbank31                                      bank31       00000
__Lbank4                                       bank4        00000
__Lbank5                                       bank5        00000
__Lbank6                                       bank6        00000
__Lbank7                                       bank7        00000
__Lbank8                                       bank8        00000
__Lbank9                                       bank9        00000
__Lbigram                                      bigram       00000
__LbssBANK0                                    bssBANK0     00000
__LbssBANK1                                    bssBANK1     00000
__Lcinit                                       cinit        0006C
__Lclrtext                                     clrtext      00000
__Lcode                                        code         00000
__Lcommon                                      common       00000
__Lconfig                                      config       00000
__LcstackBANK0                                 cstackBANK0  00000
__LcstackBANK1                                 cstackBANK1  00000
__LcstackCOMMON                                cstackCOMMON 00000
__LdataBANK0                                   dataBANK0    00000
__Leeprom_data                                 eeprom_data  00000
__Lend_init                                    end_init     0006A
__Lfunctab                                     functab      00000
__Lheap                                        heap         00000
__LidataBANK0                                  idataBANK0   00000
__Lidloc                                       idloc        00000
__Linit                                        init         0006A
__Lintentry                                    intentry     00004
__Lmaintext                                    maintext     00000
__LnvBANK0                                     nvBANK0      00000
__Lpowerup                                     powerup      00000
__Lram                                         ram          00000
__Lreset_vec                                   reset_vec    00000
__Lsfr0                                        sfr0         00000
__Lsfr1                                        sfr1         00000
__Lsfr10                                       sfr10        00000
__Lsfr11                                       sfr11        00000
__Lsfr12                                       sfr12        00000
__Lsfr13                                       sfr13        00000
__Lsfr14                                       sfr14        00000
__Lsfr15                                       sfr15        00000
__Lsfr16                                       sfr16        00000
__Lsfr17                                       sfr17        00000
__Lsfr18                                       sfr18        00000
__Lsfr19                                       sfr19        00000
__Lsfr2                                        sfr2         00000
__Lsfr20                                       sfr20        00000
__Lsfr21                                       sfr21        00000
__Lsfr22                                       sfr22        00000
__Lsfr23                                       sfr23        00000
__Lsfr24                                       sfr24        00000
__Lsfr25                                       sfr25        00000
__Lsfr26                                       sfr26        00000
__Lsfr27                                       sfr27        00000
__Lsfr28                                       sfr28        00000
__Lsfr29                                       sfr29        00000
__Lsfr3                                        sfr3         00000
__Lsfr30                                       sfr30        00000
__Lsfr31                                       sfr31        00000
__Lsfr4                                        sfr4         00000
__Lsfr5                                        sfr5         00000
__Lsfr6                                        sfr6         00000
__Lsfr7                                        sfr7         00000
__Lsfr8                                        sfr8         00000
__Lsfr9                                        sfr9         00000
__Lspace_0                                     (abs)        00000
__Lspace_1                                     (abs)        00000
__Lspace_2                                     (abs)        00000
__Lspace_3                                     (abs)        00000
__Lspace_4                                     (abs)        00000
__Lstack                                       stack        00000
__Lstrings                                     strings      00000
__Lstringtext1                                 stringtext1  00000
__Ltext                                        text         00000
__S0                                           (abs)        01000
__S1                                           (abs)        000B8
__S3                                           (abs)        0F038
___heap_hi                                     (abs)        00000
___heap_lo                                     (abs)        00000
___int_sp                                      stack        00000
___latbits                                     (abs)        00001
___lldiv                                       text62       001F6
___lldiv@counter                               cstackCOMMON 0007D
___lldiv@dividend                              cstackCOMMON 00074
___lldiv@divisor                               cstackCOMMON 00070
___lldiv@quotient                              cstackCOMMON 00079
___lwdiv                                       text61       00317
___lwdiv@counter                               cstackCOMMON 00077
___lwdiv@dividend                              cstackCOMMON 00072
___lwdiv@divisor                               cstackCOMMON 00070
___lwdiv@quotient                              cstackCOMMON 00075
___sp                                          stack        00000
___stackhi                                     (abs)        00000
___stacklo                                     (abs)        00000
___wmul                                        text60       00509
___wmul@multiplicand                           cstackCOMMON 00072
___wmul@multiplier                             cstackCOMMON 00070
___wmul@product                                cstackCOMMON 00074
__end_of_ADC_GetConversion                     text65       005EC
__end_of_ADC_Initialize                        text38       00F95
__end_of_CCP4_CaptureISR                       text88       006F5
__end_of_CCP4_DefaultCallBack                  text89       00F3F
__end_of_CCP4_Initialize                       text36       006E3
__end_of_CCP4_Interrupt                        text90       003BA
__end_of_CCP4_SetCallBack                      text37       00FB8
__end_of_CMP1_ISR                              text75       0077E
__end_of_CMP1_Initialize                       text35       007D6
__end_of_CMP1_SetInterruptHandler              text42       00FA6
__end_of_CMP2_ISR                              text73       00770
__end_of_CMP2_Initialize                       text34       007CA
__end_of_CMP2_SetInterruptHandler              text41       00FAF
__end_of_DAC_Initialize                        text33       00F7A
__end_of_DATAEE_ReadByte                       text7        0078B
__end_of_EUSART_Initialize                     text29       004E5
__end_of_EUSART_Read                           text40       00735
__end_of_EUSART_SetErrorHandler                text32       00FC1
__end_of_EUSART_SetFramingErrorHandler         text31       00FCA
__end_of_EUSART_SetOverrunErrorHandler         text30       00FD3
__end_of_EUSART_Write                          text64       007F7
__end_of_EUSART_is_rx_ready                    text39       00F74
__end_of_EUSART_is_tx_ready                    text63       00744
__end_of_FVR_Initialize                        text28       00F5C
__end_of_INTERRUPT_InterruptManager            intentry     0006A
__end_of_IOCBF0_DefaultInterruptHandler        text71       00F40
__end_of_IOCBF0_ISR                            text70       00762
__end_of_IOCBF0_SetInterruptHandler            text26       00FDC
__end_of_IOCBF3_DefaultInterruptHandler        text68       00F41
__end_of_IOCBF3_ISR                            text67       00753
__end_of_IOCBF3_SetInterruptHandler            text25       00FE5
__end_of_OSCILLATOR_Initialize                 text27       00F8D
__end_of_PIN_MANAGER_IOC                       text66       00706
__end_of_PIN_MANAGER_Initialize                text24       003EA
__end_of_PWM3_Initialize                       text23       00FEE
__end_of_PWM3_LoadDutyValue                    text3        00561
__end_of_S1_Interrupt                          text72       00607
__end_of_S2_Interrupt                          text69       00599
__end_of_S3_Interrupt                          text76       005D1
__end_of_S4_Interrupt                          text74       005B5
__end_of_SPI1_Initialize                       text22       007ED
__end_of_SPI1_WriteByte                        text11       00F80
__end_of_SYSTEM_Initialize                     text12       00387
__end_of_TMR0_CallBack                         text57       007B2
__end_of_TMR0_DefaultInterruptHandler          text58       00F42
__end_of_TMR0_ISR                              text56       00653
__end_of_TMR0_Initialize                       text20       006AB
__end_of_TMR0_Interrupt                        text59       00180
__end_of_TMR0_SetInterruptHandler              text21       00FF7
__end_of_TMR1_HasOverflowOccured               text91       00F58
__end_of_TMR1_Initialize                       text19       007BE
__end_of_TMR2_Initialize                       text18       00F9D
__end_of_TMR4_CallBack                         text51       007A5
__end_of_TMR4_DefaultInterruptHandler          text52       00003
__end_of_TMR4_ISR                              text50       00696
__end_of_TMR4_Initialize                       text16       006D1
__end_of_TMR4_Interrupt                        text53       00726
__end_of_TMR4_SetInterruptHandler              text17       01000
__end_of_TMR4_StartTimer                       text4        00F51
__end_of_TMR4_StopTimer                        text55       00F4B
__end_of_TMR4_WriteTimer                       text54       00F6A
__end_of_TMR6_CallBack                         text45       00798
__end_of_TMR6_DefaultInterruptHandler          text46       00004
__end_of_TMR6_ISR                              text44       00680
__end_of_TMR6_Initialize                       text14       006BE
__end_of_TMR6_Interrupt                        text47       00716
__end_of_TMR6_SetInterruptHandler              text15       00800
__end_of_TMR6_StartTimer                       text87       00F45
__end_of_TMR6_StopTimer                        text49       00F4E
__end_of_TMR6_WriteTimer                       text48       00F6F
__end_of_WDT_Initialize                        text13       00F60
__end_of___lldiv                               text62       00250
__end_of___lwdiv                               text61       00353
__end_of___wmul                                text60       00528
__end_of__initialization                       cinit        00088
__end_of_initMAX7219                           text9        002D6
__end_of_main                                  maintext     001F6
__end_of_sendMatrix                            text8        0057D
__end_of_sendMotor                             text2        00294
__end_of_setMatrix                             text6        00471
__end_of_spi1_configuration                    stringtext1  00804
__end_of_txMAX7219                             text10       00545
__end_of_updateMatrix                          text5        00499
__end_of_updateMotor                           text1        00419
__end_ofi1_DATAEE_ReadByte                     text83       007E2
__end_ofi1_PWM3_LoadDutyValue                  text79       0066A
__end_ofi1_SPI1_WriteByte                      text86       00F65
__end_ofi1_TMR4_StartTimer                     text80       00F48
__end_ofi1_sendMatrix                          text84       00621
__end_ofi1_sendMotor                           text78       00317
__end_ofi1_setMatrix                           text82       004C0
__end_ofi1_txMAX7219                           text85       0063B
__end_ofi1_updateMatrix                        text81       00509
__end_ofi1_updateMotor                         text77       00448
__initialization                               cinit        0006C
__pbssBANK0                                    bssBANK0     00039
__pbssBANK1                                    bssBANK1     000A0
__pcstackBANK0                                 cstackBANK0  00052
__pcstackBANK1                                 cstackBANK1  000B0
__pcstackCOMMON                                cstackCOMMON 00070
__pdataBANK0                                   dataBANK0    00064
__pidataBANK0                                  idataBANK0   00F51
__pintentry                                    intentry     00004
__pmaintext                                    maintext     00180
__pnvBANK0                                     nvBANK0      00020
__pstringtext1                                 stringtext1  00800
__ptext1                                       text1        003EA
__ptext10                                      text10       00528
__ptext11                                      text11       00F7A
__ptext12                                      text12       00353
__ptext13                                      text13       00F5C
__ptext14                                      text14       006AB
__ptext15                                      text15       007F7
__ptext16                                      text16       006BE
__ptext17                                      text17       00FF7
__ptext18                                      text18       00F95
__ptext19                                      text19       007B2
__ptext2                                       text2        00250
__ptext20                                      text20       00696
__ptext21                                      text21       00FEE
__ptext22                                      text22       007E2
__ptext23                                      text23       00FE5
__ptext24                                      text24       003BA
__ptext25                                      text25       00FDC
__ptext26                                      text26       00FD3
__ptext27                                      text27       00F86
__ptext28                                      text28       00F58
__ptext29                                      text29       004C0
__ptext3                                       text3        00545
__ptext30                                      text30       00FCA
__ptext31                                      text31       00FC1
__ptext32                                      text32       00FB8
__ptext33                                      text33       00F74
__ptext34                                      text34       007BE
__ptext35                                      text35       007CA
__ptext36                                      text36       006D1
__ptext37                                      text37       00FAF
__ptext38                                      text38       00F8D
__ptext39                                      text39       00F6F
__ptext4                                       text4        00F4E
__ptext40                                      text40       00726
__ptext41                                      text41       00FA6
__ptext42                                      text42       00F9D
__ptext44                                      text44       0066A
__ptext45                                      text45       0078B
__ptext46                                      text46       00003
__ptext47                                      text47       00706
__ptext48                                      text48       00F6A
__ptext49                                      text49       00F4B
__ptext5                                       text5        00471
__ptext50                                      text50       00680
__ptext51                                      text51       00798
__ptext52                                      text52       00002
__ptext53                                      text53       00716
__ptext54                                      text54       00F65
__ptext55                                      text55       00F48
__ptext56                                      text56       0063B
__ptext57                                      text57       007A5
__ptext58                                      text58       00F41
__ptext59                                      text59       0008C
__ptext6                                       text6        00448
__ptext60                                      text60       00509
__ptext61                                      text61       00317
__ptext62                                      text62       001F6
__ptext63                                      text63       00735
__ptext64                                      text64       007ED
__ptext65                                      text65       005D1
__ptext66                                      text66       006F5
__ptext67                                      text67       00744
__ptext68                                      text68       00F40
__ptext69                                      text69       0057D
__ptext7                                       text7        0077E
__ptext70                                      text70       00753
__ptext71                                      text71       00F3F
__ptext72                                      text72       005EC
__ptext73                                      text73       00762
__ptext74                                      text74       00599
__ptext75                                      text75       00770
__ptext76                                      text76       005B5
__ptext77                                      text77       00419
__ptext78                                      text78       002D6
__ptext79                                      text79       00653
__ptext8                                       text8        00561
__ptext80                                      text80       00F45
__ptext81                                      text81       004E5
__ptext82                                      text82       00499
__ptext83                                      text83       007D6
__ptext84                                      text84       00607
__ptext85                                      text85       00621
__ptext86                                      text86       00F60
__ptext87                                      text87       00F42
__ptext88                                      text88       006E3
__ptext89                                      text89       00F3E
__ptext9                                       text9        00294
__ptext90                                      text90       00387
__ptext91                                      text91       00F54
_currentFloor                                  dataBANK0    00066
_data_tx                                       bssBANK0     00041
_directionFlag                                 bssBANK0     0004E
_eusartRxLastError                             bssBANK0     00050
_floorFlag                                     bssBANK0     0004F
_initMAX7219                                   text9        00294
_main                                          maintext     00180
_matrix                                        bssBANK0     00039
_motorState                                    bssBANK0     00051
_position                                      dataBANK0    00064
_sendMatrix                                    text8        00561
_sendMotor                                     text2        00250
_setMatrix                                     text6        00448
_spi1_configuration                            stringtext1  00800
_targetFloor                                   dataBANK0    00065
_timer0ReloadVal                               nvBANK0      00038
_timer1ReloadVal                               nvBANK0      0002A
_txMAX7219                                     text10       00528
_updateMatrix                                  text5        00471
_updateMotor                                   text1        003EA
_velocity                                      bssBANK1     000A0
_velocity_idx                                  bssBANK0     0004D
btemp                                          (abs)        0007E
clear_ram0                                     clrtext      00F80
end_of_initialization                          cinit        00088
i1DATAEE_ReadByte@bAdd                         cstackCOMMON 00070
i1PWM3_LoadDutyValue@dutyValue                 cstackCOMMON 00070
i1SPI1_WriteByte@byte                          cstackCOMMON 00070
i1_DATAEE_ReadByte                             text83       007D6
i1_PWM3_LoadDutyValue                          text79       00653
i1_SPI1_WriteByte                              text86       00F60
i1_TMR4_StartTimer                             text80       00F45
i1_sendMatrix                                  text84       00607
i1_sendMotor                                   text78       002D6
i1_setMatrix                                   text82       00499
i1_txMAX7219                                   text85       00621
i1_updateMatrix                                text81       004E5
i1_updateMotor                                 text77       00419
i1sendMatrix@i                                 cstackCOMMON 00074
i1setMatrix@eeAdd                              cstackCOMMON 00074
i1setMatrix@i                                  cstackCOMMON 00075
i1setMatrix@pos                                cstackCOMMON 00073
i1setMatrix@val                                cstackCOMMON 00071
i1txMAX7219@addr0                              cstackCOMMON 00072
i1txMAX7219@dat0                               cstackCOMMON 00071
i1updateMatrix@direction                       cstackCOMMON 00076
int$flags                                      (abs)        0007E
intlevel0                                      functab      00000
intlevel1                                      functab      00000
intlevel2                                      functab      00000
intlevel3                                      functab      00000
intlevel4                                      functab      00000
intlevel5                                      functab      00000
main@receivedData                              cstackBANK1  000B7
reset_vec                                      reset_vec    00000
sendMatrix@i                                   cstackBANK1  000B4
setMatrix@eeAdd                                cstackBANK1  000B4
setMatrix@i                                    cstackBANK1  000B5
setMatrix@pos                                  cstackBANK1  000B3
setMatrix@val                                  cstackBANK1  000B1
start                                          init         0006A
start_initialization                           cinit        0006C
txMAX7219@addr0                                cstackBANK1  000B2
txMAX7219@dat0                                 cstackBANK1  000B1
updateMatrix@direction                         cstackBANK1  000B6
wtemp0                                         (abs)        0007E


MODULE INFORMATION

Module		Function		Class		Link	Load	Size
D:\ProgramData\Microchip\xc8\v2.40\pic\sources\c99\common\Umul16.c
		___wmul        		CODE           	0509	0000	31

D:\ProgramData\Microchip\xc8\v2.40\pic\sources\c99\common\Umul16.c estimated size: 31

mcc_generated_files/cmp1.c
		_CMP1_ISR      		CODE           	0770	0000	14
		_CMP1_Initialize		CODE           	07CA	0000	12
		_CMP1_SetInterruptHandler		CODE           	0F9D	0000	9

mcc_generated_files/cmp1.c estimated size: 35

mcc_generated_files/tmr6.c
		_TMR6_CallBack 		CODE           	078B	0000	13
		_TMR6_WriteTimer		CODE           	0F6A	0000	5
		_TMR6_StartTimer		CODE           	0F42	0000	3
		_TMR6_ISR      		CODE           	066A	0000	22
		_TMR6_Initialize		CODE           	06AB	0000	19
		_TMR6_SetInterruptHandler		CODE           	07F7	0000	9
		_TMR6_StopTimer		CODE           	0F4B	0000	3
		_TMR6_DefaultInterruptHandler		CODE           	0003	0000	1

mcc_generated_files/tmr6.c estimated size: 75

mcc_generated_files/fvr.c
		_FVR_Initialize		CODE           	0F58	0000	4

mcc_generated_files/fvr.c estimated size: 4

mcc_generated_files/tmr4.c
		_TMR4_ISR      		CODE           	0680	0000	22
		_TMR4_Initialize		CODE           	06BE	0000	19
		_TMR4_SetInterruptHandler		CODE           	0FF7	0000	9
		_TMR4_StopTimer		CODE           	0F48	0000	3
		_TMR4_DefaultInterruptHandler		CODE           	0002	0000	1
		_TMR4_CallBack 		CODE           	0798	0000	13
		_TMR4_WriteTimer		CODE           	0F65	0000	5
		_TMR4_StartTimer		CODE           	0F4E	0000	3

mcc_generated_files/tmr4.c estimated size: 75

ledMatrix.c
		_setMatrix     		CODE           	0448	0000	41
		_initMAX7219   		CODE           	0294	0000	66
		_sendMatrix    		CODE           	0561	0000	28
		_txMAX7219     		CODE           	0528	0000	29

ledMatrix.c estimated size: 164

mcc_generated_files/tmr2.c
		_TMR2_Initialize		CODE           	0F95	0000	8

mcc_generated_files/tmr2.c estimated size: 8

mcc_generated_files/interrupt_manager.c
		_INTERRUPT_InterruptManager		CODE           	0004	0000	102

mcc_generated_files/interrupt_manager.c estimated size: 102

mcc_generated_files/tmr0.c
		_TMR0_SetInterruptHandler		CODE           	0FEE	0000	9
		_TMR0_DefaultInterruptHandler		CODE           	0F41	0000	1
		_TMR0_CallBack 		CODE           	07A5	0000	13
		_TMR0_ISR      		CODE           	063B	0000	24
		_TMR0_Initialize		CODE           	0696	0000	21

mcc_generated_files/tmr0.c estimated size: 68

mcc_generated_files/pin_manager.c
		_IOCBF3_DefaultInterruptHandler		CODE           	0F40	0000	1
		_IOCBF0_ISR    		CODE           	0753	0000	15
		_PIN_MANAGER_Initialize		CODE           	03BA	0000	48
		_IOCBF3_ISR    		CODE           	0744	0000	15
		_IOCBF0_SetInterruptHandler		CODE           	0FD3	0000	9
		_IOCBF3_SetInterruptHandler		CODE           	0FDC	0000	9
		_PIN_MANAGER_IOC		CODE           	06F5	0000	17
		_IOCBF0_DefaultInterruptHandler		CODE           	0F3F	0000	1

mcc_generated_files/pin_manager.c estimated size: 115

mcc_generated_files/spi1.c
		_SPI1_WriteByte		CODE           	0F7A	0000	6
		_SPI1_Initialize		CODE           	07E2	0000	11

mcc_generated_files/spi1.c estimated size: 17

mcc_generated_files/ccp4.c
		_CCP4_SetCallBack		CODE           	0FAF	0000	9
		_CCP4_CaptureISR		CODE           	06E3	0000	18
		_CCP4_DefaultCallBack		CODE           	0F3E	0000	1
		_CCP4_Initialize		CODE           	06D1	0000	18

mcc_generated_files/ccp4.c estimated size: 46

mcc_generated_files/adc.c
		_ADC_Initialize		CODE           	0F8D	0000	8
		_ADC_GetConversion		CODE           	05D1	0000	27

mcc_generated_files/adc.c estimated size: 35

D:\ProgramData\Microchip\xc8\v2.40\pic\sources\c99\common\lwdiv.c
		___lwdiv       		CODE           	0317	0000	60

D:\ProgramData\Microchip\xc8\v2.40\pic\sources\c99\common\lwdiv.c estimated size: 60

mcc_generated_files/cmp2.c
		_CMP2_SetInterruptHandler		CODE           	0FA6	0000	9
		_CMP2_ISR      		CODE           	0762	0000	14
		_CMP2_Initialize		CODE           	07BE	0000	12

mcc_generated_files/cmp2.c estimated size: 35

shared
		i1_updateMatrix		CODE           	04E5	0000	36
		i1_SPI1_WriteByte		CODE           	0F60	0000	5
		i1_txMAX7219   		CODE           	0621	0000	26
		__initialization		CODE           	006C	0000	28
		i1_setMatrix   		CODE           	0499	0000	39
		i1_TMR4_StartTimer		CODE           	0F45	0000	3
		i1_sendMotor   		CODE           	02D6	0000	65
		i1_sendMatrix  		CODE           	0607	0000	26
		i1_DATAEE_ReadByte		CODE           	07D6	0000	12
		i1_updateMotor 		CODE           	0419	0000	47
		_spi1_configuration		STRCODE        	0800	0000	4
		i1_PWM3_LoadDutyValue		CODE           	0653	0000	23

shared estimated size: 314

mcc_generated_files/mcc.c
		_WDT_Initialize		CODE           	0F5C	0000	4
		_OSCILLATOR_Initialize		CODE           	0F86	0000	7
		_SYSTEM_Initialize		CODE           	0353	0000	52

mcc_generated_files/mcc.c estimated size: 63

mcc_generated_files/pwm3.c
		_PWM3_Initialize		CODE           	0FE5	0000	9
		_PWM3_LoadDutyValue		CODE           	0545	0000	28

mcc_generated_files/pwm3.c estimated size: 37

mcc_generated_files/tmr1.c
		_TMR1_Initialize		CODE           	07B2	0000	12
		_TMR1_HasOverflowOccured		CODE           	0F54	0000	4

mcc_generated_files/tmr1.c estimated size: 16

mcc_generated_files/memory.c
		_DATAEE_ReadByte		CODE           	077E	0000	13

mcc_generated_files/memory.c estimated size: 13

D:\ProgramData\Microchip\xc8\v2.40\pic\sources\c99\common\__lldiv.c
		___lldiv       		CODE           	01F6	0000	90

D:\ProgramData\Microchip\xc8\v2.40\pic\sources\c99\common\__lldiv.c estimated size: 90

mcc_generated_files/eusart.c
		_EUSART_Read   		CODE           	0726	0000	15
		_EUSART_Write  		CODE           	07ED	0000	10
		_EUSART_Initialize		CODE           	04C0	0000	37
		_EUSART_SetFramingErrorHandler		CODE           	0FC1	0000	9
		_EUSART_SetErrorHandler		CODE           	0FB8	0000	9
		_EUSART_SetOverrunErrorHandler		CODE           	0FCA	0000	9
		_EUSART_is_rx_ready		CODE           	0F6F	0000	5
		_EUSART_is_tx_ready		CODE           	0735	0000	15

mcc_generated_files/eusart.c estimated size: 109

mcc_generated_files/dac.c
		_DAC_Initialize		CODE           	0F74	0000	6

mcc_generated_files/dac.c estimated size: 6

main.c
		_sendMotor     		CODE           	0250	0000	68
		_TMR4_Interrupt		CODE           	0716	0000	16
		_updateMotor   		CODE           	03EA	0000	47
		_updateMatrix  		CODE           	0471	0000	40
		_TMR6_Interrupt		CODE           	0706	0000	16
		_main          		CODE           	0180	0000	118
		_CCP4_Interrupt		CODE           	0387	0000	51
		_TMR0_Interrupt		CODE           	008C	0000	244
		_S1_Interrupt  		CODE           	05EC	0000	27
		_S2_Interrupt  		CODE           	057D	0000	28
		_S3_Interrupt  		CODE           	05B5	0000	28
		_S4_Interrupt  		CODE           	0599	0000	28

main.c estimated size: 711

